Archive member included to satisfy reference by file (symbol)

c:/program files (x86)/atmel/studio/7.0/toolchain/avr8/avr8-gnu-toolchain/bin/../lib/gcc/avr/4.9.2/avr5\libgcc.a(_exit.o)
                              C:/Program Files (x86)/Atmel/Studio/7.0/Packs/atmel/ATmega_DFP/1.1.130/gcc/dev/atmega16m1/avr5/crtatmega16m1.o (exit)
c:/program files (x86)/atmel/studio/7.0/toolchain/avr8/avr8-gnu-toolchain/bin/../lib/gcc/avr/4.9.2/avr5\libgcc.a(_clear_bss.o)
                              can/at90can.o (__do_clear_bss)

Allocating common symbols
Common symbol       size              file

_free_buffer        0x1               can/at90can.o
can_rx_list         0x200             can/at90can.o
can_rx_buffer       0x6               can/at90can.o

Discarded input sections

 .data          0x00000000        0x0 C:/Program Files (x86)/Atmel/Studio/7.0/Packs/atmel/ATmega_DFP/1.1.130/gcc/dev/atmega16m1/avr5/crtatmega16m1.o
 .bss           0x00000000        0x0 C:/Program Files (x86)/Atmel/Studio/7.0/Packs/atmel/ATmega_DFP/1.1.130/gcc/dev/atmega16m1/avr5/crtatmega16m1.o
 .text          0x00000000        0x0 can/at90can.o
 .data          0x00000000        0x0 can/at90can.o
 .bss           0x00000000        0x0 can/at90can.o
 .text          0x00000000        0x0 can/at90can_buffer.o
 .data          0x00000000        0x0 can/at90can_buffer.o
 .bss           0x00000000        0x0 can/at90can_buffer.o
 .text.can_check_message
                0x00000000        0xe can/at90can_buffer.o
 .text.can_check_free_buffer
                0x00000000        0xe can/at90can_buffer.o
 .debug_info    0x00000000      0x20b can/at90can_buffer.o
 .debug_abbrev  0x00000000      0x11e can/at90can_buffer.o
 .debug_aranges
                0x00000000       0x28 can/at90can_buffer.o
 .debug_ranges  0x00000000       0x18 can/at90can_buffer.o
 .debug_line    0x00000000       0xfd can/at90can_buffer.o
 .debug_str     0x00000000      0x23f can/at90can_buffer.o
 .comment       0x00000000       0x31 can/at90can_buffer.o
 .debug_frame   0x00000000       0x34 can/at90can_buffer.o
 .text          0x00000000        0x0 can/at90can_disable_dyn_filter.o
 .data          0x00000000        0x0 can/at90can_disable_dyn_filter.o
 .bss           0x00000000        0x0 can/at90can_disable_dyn_filter.o
 .text          0x00000000        0x0 can/at90can_error_register.o
 .data          0x00000000        0x0 can/at90can_error_register.o
 .bss           0x00000000        0x0 can/at90can_error_register.o
 .text.can_read_error_register
                0x00000000        0xa can/at90can_error_register.o
 .debug_info    0x00000000       0xd3 can/at90can_error_register.o
 .debug_abbrev  0x00000000       0x7e can/at90can_error_register.o
 .debug_loc     0x00000000       0x27 can/at90can_error_register.o
 .debug_aranges
                0x00000000       0x20 can/at90can_error_register.o
 .debug_ranges  0x00000000       0x10 can/at90can_error_register.o
 .debug_line    0x00000000       0xca can/at90can_error_register.o
 .debug_str     0x00000000      0x1c2 can/at90can_error_register.o
 .comment       0x00000000       0x31 can/at90can_error_register.o
 .debug_frame   0x00000000       0x24 can/at90can_error_register.o
 .text          0x00000000        0x0 can/at90can_get_buf_message.o
 .data          0x00000000        0x0 can/at90can_get_buf_message.o
 .bss           0x00000000        0x0 can/at90can_get_buf_message.o
 .text.can_get_message
                0x00000000       0x34 can/at90can_get_buf_message.o
 .debug_info    0x00000000      0x20f can/at90can_get_buf_message.o
 .debug_abbrev  0x00000000      0x12c can/at90can_get_buf_message.o
 .debug_loc     0x00000000       0x8d can/at90can_get_buf_message.o
 .debug_aranges
                0x00000000       0x20 can/at90can_get_buf_message.o
 .debug_ranges  0x00000000       0x10 can/at90can_get_buf_message.o
 .debug_line    0x00000000      0x108 can/at90can_get_buf_message.o
 .debug_str     0x00000000      0x23a can/at90can_get_buf_message.o
 .comment       0x00000000       0x31 can/at90can_get_buf_message.o
 .debug_frame   0x00000000       0x30 can/at90can_get_buf_message.o
 .text          0x00000000        0x0 can/at90can_get_dyn_filter.o
 .data          0x00000000        0x0 can/at90can_get_dyn_filter.o
 .bss           0x00000000        0x0 can/at90can_get_dyn_filter.o
 .text.can_get_filter
                0x00000000      0x20c can/at90can_get_dyn_filter.o
 .debug_info    0x00000000      0x191 can/at90can_get_dyn_filter.o
 .debug_abbrev  0x00000000      0x103 can/at90can_get_dyn_filter.o
 .debug_loc     0x00000000      0x220 can/at90can_get_dyn_filter.o
 .debug_aranges
                0x00000000       0x20 can/at90can_get_dyn_filter.o
 .debug_ranges  0x00000000       0x10 can/at90can_get_dyn_filter.o
 .debug_line    0x00000000      0x1e0 can/at90can_get_dyn_filter.o
 .debug_str     0x00000000      0x1df can/at90can_get_dyn_filter.o
 .comment       0x00000000       0x31 can/at90can_get_dyn_filter.o
 .debug_frame   0x00000000       0x58 can/at90can_get_dyn_filter.o
 .text          0x00000000        0x0 can/at90can_get_message.o
 .data          0x00000000        0x0 can/at90can_get_message.o
 .bss           0x00000000        0x0 can/at90can_get_message.o
 .text.at90can_get_message
                0x00000000       0x74 can/at90can_get_message.o
 .text          0x00000000        0x0 can/at90can_send_buf_message.o
 .data          0x00000000        0x0 can/at90can_send_buf_message.o
 .bss           0x00000000        0x0 can/at90can_send_buf_message.o
 .debug_info    0x00000000       0x64 can/at90can_send_buf_message.o
 .debug_abbrev  0x00000000       0x26 can/at90can_send_buf_message.o
 .debug_aranges
                0x00000000       0x18 can/at90can_send_buf_message.o
 .debug_line    0x00000000       0x1a can/at90can_send_buf_message.o
 .debug_str     0x00000000      0x189 can/at90can_send_buf_message.o
 .comment       0x00000000       0x31 can/at90can_send_buf_message.o
 .text          0x00000000        0x0 can/at90can_send_message.o
 .data          0x00000000        0x0 can/at90can_send_message.o
 .bss           0x00000000        0x0 can/at90can_send_message.o
 .text          0x00000000        0x0 can/at90can_set_dyn_filter.o
 .data          0x00000000        0x0 can/at90can_set_dyn_filter.o
 .bss           0x00000000        0x0 can/at90can_set_dyn_filter.o
 .text          0x00000000        0x0 can/at90can_set_mode.o
 .data          0x00000000        0x0 can/at90can_set_mode.o
 .bss           0x00000000        0x0 can/at90can_set_mode.o
 .text.can_set_mode
                0x00000000       0x1c can/at90can_set_mode.o
 .debug_info    0x00000000       0xcf can/at90can_set_mode.o
 .debug_abbrev  0x00000000       0x83 can/at90can_set_mode.o
 .debug_loc     0x00000000       0x3a can/at90can_set_mode.o
 .debug_aranges
                0x00000000       0x20 can/at90can_set_mode.o
 .debug_ranges  0x00000000       0x10 can/at90can_set_mode.o
 .debug_line    0x00000000       0xc4 can/at90can_set_mode.o
 .debug_str     0x00000000      0x1dc can/at90can_set_mode.o
 .comment       0x00000000       0x31 can/at90can_set_mode.o
 .debug_frame   0x00000000       0x24 can/at90can_set_mode.o
 .text          0x00000000        0x0 can/can_buffer.o
 .data          0x00000000        0x0 can/can_buffer.o
 .bss           0x00000000        0x0 can/can_buffer.o
 .text.can_buffer_empty
                0x00000000       0x12 can/can_buffer.o
 .text.can_buffer_get_dequeue_ptr
                0x00000000       0x2a can/can_buffer.o
 .text.can_buffer_dequeue
                0x00000000       0x1e can/can_buffer.o
 .text          0x00000000        0x0 can/mcp2515.o
 .data          0x00000000        0x0 can/mcp2515.o
 .bss           0x00000000        0x0 can/mcp2515.o
 .debug_info    0x00000000       0x64 can/mcp2515.o
 .debug_abbrev  0x00000000       0x26 can/mcp2515.o
 .debug_aranges
                0x00000000       0x18 can/mcp2515.o
 .debug_line    0x00000000       0x1a can/mcp2515.o
 .debug_str     0x00000000      0x178 can/mcp2515.o
 .comment       0x00000000       0x31 can/mcp2515.o
 .text          0x00000000        0x0 can/mcp2515_buffer.o
 .data          0x00000000        0x0 can/mcp2515_buffer.o
 .bss           0x00000000        0x0 can/mcp2515_buffer.o
 .debug_info    0x00000000       0x64 can/mcp2515_buffer.o
 .debug_abbrev  0x00000000       0x26 can/mcp2515_buffer.o
 .debug_aranges
                0x00000000       0x18 can/mcp2515_buffer.o
 .debug_line    0x00000000       0x1a can/mcp2515_buffer.o
 .debug_str     0x00000000      0x17f can/mcp2515_buffer.o
 .comment       0x00000000       0x31 can/mcp2515_buffer.o
 .text          0x00000000        0x0 can/mcp2515_error_register.o
 .data          0x00000000        0x0 can/mcp2515_error_register.o
 .bss           0x00000000        0x0 can/mcp2515_error_register.o
 .debug_info    0x00000000       0x64 can/mcp2515_error_register.o
 .debug_abbrev  0x00000000       0x26 can/mcp2515_error_register.o
 .debug_aranges
                0x00000000       0x18 can/mcp2515_error_register.o
 .debug_line    0x00000000       0x1a can/mcp2515_error_register.o
 .debug_str     0x00000000      0x187 can/mcp2515_error_register.o
 .comment       0x00000000       0x31 can/mcp2515_error_register.o
 .text          0x00000000        0x0 can/mcp2515_get_dyn_filter.o
 .data          0x00000000        0x0 can/mcp2515_get_dyn_filter.o
 .bss           0x00000000        0x0 can/mcp2515_get_dyn_filter.o
 .debug_info    0x00000000       0x64 can/mcp2515_get_dyn_filter.o
 .debug_abbrev  0x00000000       0x26 can/mcp2515_get_dyn_filter.o
 .debug_aranges
                0x00000000       0x18 can/mcp2515_get_dyn_filter.o
 .debug_line    0x00000000       0x1a can/mcp2515_get_dyn_filter.o
 .debug_str     0x00000000      0x187 can/mcp2515_get_dyn_filter.o
 .comment       0x00000000       0x31 can/mcp2515_get_dyn_filter.o
 .text          0x00000000        0x0 can/mcp2515_get_message.o
 .data          0x00000000        0x0 can/mcp2515_get_message.o
 .bss           0x00000000        0x0 can/mcp2515_get_message.o
 .debug_info    0x00000000       0x64 can/mcp2515_get_message.o
 .debug_abbrev  0x00000000       0x26 can/mcp2515_get_message.o
 .debug_aranges
                0x00000000       0x18 can/mcp2515_get_message.o
 .debug_line    0x00000000       0x1a can/mcp2515_get_message.o
 .debug_str     0x00000000      0x184 can/mcp2515_get_message.o
 .comment       0x00000000       0x31 can/mcp2515_get_message.o
 .text          0x00000000        0x0 can/mcp2515_read_id.o
 .data          0x00000000        0x0 can/mcp2515_read_id.o
 .bss           0x00000000        0x0 can/mcp2515_read_id.o
 .debug_info    0x00000000       0x64 can/mcp2515_read_id.o
 .debug_abbrev  0x00000000       0x26 can/mcp2515_read_id.o
 .debug_aranges
                0x00000000       0x18 can/mcp2515_read_id.o
 .debug_line    0x00000000       0x1a can/mcp2515_read_id.o
 .debug_str     0x00000000      0x180 can/mcp2515_read_id.o
 .comment       0x00000000       0x31 can/mcp2515_read_id.o
 .text          0x00000000        0x0 can/mcp2515_regdump.o
 .data          0x00000000        0x0 can/mcp2515_regdump.o
 .bss           0x00000000        0x0 can/mcp2515_regdump.o
 .debug_info    0x00000000       0x64 can/mcp2515_regdump.o
 .debug_abbrev  0x00000000       0x26 can/mcp2515_regdump.o
 .debug_aranges
                0x00000000       0x18 can/mcp2515_regdump.o
 .debug_line    0x00000000       0x1a can/mcp2515_regdump.o
 .debug_str     0x00000000      0x180 can/mcp2515_regdump.o
 .comment       0x00000000       0x31 can/mcp2515_regdump.o
 .text          0x00000000        0x0 can/mcp2515_send_message.o
 .data          0x00000000        0x0 can/mcp2515_send_message.o
 .bss           0x00000000        0x0 can/mcp2515_send_message.o
 .debug_info    0x00000000       0x64 can/mcp2515_send_message.o
 .debug_abbrev  0x00000000       0x26 can/mcp2515_send_message.o
 .debug_aranges
                0x00000000       0x18 can/mcp2515_send_message.o
 .debug_line    0x00000000       0x1a can/mcp2515_send_message.o
 .debug_str     0x00000000      0x185 can/mcp2515_send_message.o
 .comment       0x00000000       0x31 can/mcp2515_send_message.o
 .text          0x00000000        0x0 can/mcp2515_set_dyn_filter.o
 .data          0x00000000        0x0 can/mcp2515_set_dyn_filter.o
 .bss           0x00000000        0x0 can/mcp2515_set_dyn_filter.o
 .debug_info    0x00000000       0x64 can/mcp2515_set_dyn_filter.o
 .debug_abbrev  0x00000000       0x26 can/mcp2515_set_dyn_filter.o
 .debug_aranges
                0x00000000       0x18 can/mcp2515_set_dyn_filter.o
 .debug_line    0x00000000       0x1a can/mcp2515_set_dyn_filter.o
 .debug_str     0x00000000      0x187 can/mcp2515_set_dyn_filter.o
 .comment       0x00000000       0x31 can/mcp2515_set_dyn_filter.o
 .text          0x00000000        0x0 can/mcp2515_set_mode.o
 .data          0x00000000        0x0 can/mcp2515_set_mode.o
 .bss           0x00000000        0x0 can/mcp2515_set_mode.o
 .debug_info    0x00000000       0x64 can/mcp2515_set_mode.o
 .debug_abbrev  0x00000000       0x26 can/mcp2515_set_mode.o
 .debug_aranges
                0x00000000       0x18 can/mcp2515_set_mode.o
 .debug_line    0x00000000       0x1a can/mcp2515_set_mode.o
 .debug_str     0x00000000      0x181 can/mcp2515_set_mode.o
 .comment       0x00000000       0x31 can/mcp2515_set_mode.o
 .text          0x00000000        0x0 can/mcp2515_sleep.o
 .data          0x00000000        0x0 can/mcp2515_sleep.o
 .bss           0x00000000        0x0 can/mcp2515_sleep.o
 .debug_info    0x00000000       0x64 can/mcp2515_sleep.o
 .debug_abbrev  0x00000000       0x26 can/mcp2515_sleep.o
 .debug_aranges
                0x00000000       0x18 can/mcp2515_sleep.o
 .debug_line    0x00000000       0x1a can/mcp2515_sleep.o
 .debug_str     0x00000000      0x17e can/mcp2515_sleep.o
 .comment       0x00000000       0x31 can/mcp2515_sleep.o
 .text          0x00000000        0x0 can/mcp2515_static_filter.o
 .data          0x00000000        0x0 can/mcp2515_static_filter.o
 .bss           0x00000000        0x0 can/mcp2515_static_filter.o
 .debug_info    0x00000000       0x64 can/mcp2515_static_filter.o
 .debug_abbrev  0x00000000       0x26 can/mcp2515_static_filter.o
 .debug_aranges
                0x00000000       0x18 can/mcp2515_static_filter.o
 .debug_line    0x00000000       0x1a can/mcp2515_static_filter.o
 .debug_str     0x00000000      0x186 can/mcp2515_static_filter.o
 .comment       0x00000000       0x31 can/mcp2515_static_filter.o
 .text          0x00000000        0x0 can/mcp2515_write_id.o
 .data          0x00000000        0x0 can/mcp2515_write_id.o
 .bss           0x00000000        0x0 can/mcp2515_write_id.o
 .debug_info    0x00000000       0x64 can/mcp2515_write_id.o
 .debug_abbrev  0x00000000       0x26 can/mcp2515_write_id.o
 .debug_aranges
                0x00000000       0x18 can/mcp2515_write_id.o
 .debug_line    0x00000000       0x1a can/mcp2515_write_id.o
 .debug_str     0x00000000      0x181 can/mcp2515_write_id.o
 .comment       0x00000000       0x31 can/mcp2515_write_id.o
 .text          0x00000000        0x0 can/sja1000.o
 .data          0x00000000        0x0 can/sja1000.o
 .bss           0x00000000        0x0 can/sja1000.o
 .debug_info    0x00000000       0x64 can/sja1000.o
 .debug_abbrev  0x00000000       0x26 can/sja1000.o
 .debug_aranges
                0x00000000       0x18 can/sja1000.o
 .debug_line    0x00000000       0x1a can/sja1000.o
 .debug_str     0x00000000      0x178 can/sja1000.o
 .comment       0x00000000       0x31 can/sja1000.o
 .text          0x00000000        0x0 can/sja1000_buffer.o
 .data          0x00000000        0x0 can/sja1000_buffer.o
 .bss           0x00000000        0x0 can/sja1000_buffer.o
 .debug_info    0x00000000       0x64 can/sja1000_buffer.o
 .debug_abbrev  0x00000000       0x26 can/sja1000_buffer.o
 .debug_aranges
                0x00000000       0x18 can/sja1000_buffer.o
 .debug_line    0x00000000       0x1a can/sja1000_buffer.o
 .debug_str     0x00000000      0x17f can/sja1000_buffer.o
 .comment       0x00000000       0x31 can/sja1000_buffer.o
 .text          0x00000000        0x0 can/sja1000_error_register.o
 .data          0x00000000        0x0 can/sja1000_error_register.o
 .bss           0x00000000        0x0 can/sja1000_error_register.o
 .debug_info    0x00000000       0x64 can/sja1000_error_register.o
 .debug_abbrev  0x00000000       0x26 can/sja1000_error_register.o
 .debug_aranges
                0x00000000       0x18 can/sja1000_error_register.o
 .debug_line    0x00000000       0x1a can/sja1000_error_register.o
 .debug_str     0x00000000      0x187 can/sja1000_error_register.o
 .comment       0x00000000       0x31 can/sja1000_error_register.o
 .text          0x00000000        0x0 can/sja1000_get_message.o
 .data          0x00000000        0x0 can/sja1000_get_message.o
 .bss           0x00000000        0x0 can/sja1000_get_message.o
 .debug_info    0x00000000       0x64 can/sja1000_get_message.o
 .debug_abbrev  0x00000000       0x26 can/sja1000_get_message.o
 .debug_aranges
                0x00000000       0x18 can/sja1000_get_message.o
 .debug_line    0x00000000       0x1a can/sja1000_get_message.o
 .debug_str     0x00000000      0x184 can/sja1000_get_message.o
 .comment       0x00000000       0x31 can/sja1000_get_message.o
 .text          0x00000000        0x0 can/sja1000_send_message.o
 .data          0x00000000        0x0 can/sja1000_send_message.o
 .bss           0x00000000        0x0 can/sja1000_send_message.o
 .debug_info    0x00000000       0x64 can/sja1000_send_message.o
 .debug_abbrev  0x00000000       0x26 can/sja1000_send_message.o
 .debug_aranges
                0x00000000       0x18 can/sja1000_send_message.o
 .debug_line    0x00000000       0x1a can/sja1000_send_message.o
 .debug_str     0x00000000      0x185 can/sja1000_send_message.o
 .comment       0x00000000       0x31 can/sja1000_send_message.o
 .text          0x00000000        0x0 can/sja1000_set_mode.o
 .data          0x00000000        0x0 can/sja1000_set_mode.o
 .bss           0x00000000        0x0 can/sja1000_set_mode.o
 .debug_info    0x00000000       0x64 can/sja1000_set_mode.o
 .debug_abbrev  0x00000000       0x26 can/sja1000_set_mode.o
 .debug_aranges
                0x00000000       0x18 can/sja1000_set_mode.o
 .debug_line    0x00000000       0x1a can/sja1000_set_mode.o
 .debug_str     0x00000000      0x181 can/sja1000_set_mode.o
 .comment       0x00000000       0x31 can/sja1000_set_mode.o
 .text          0x00000000        0x0 can/spi.o
 .data          0x00000000        0x0 can/spi.o
 .bss           0x00000000        0x0 can/spi.o
 .debug_info    0x00000000       0x64 can/spi.o
 .debug_abbrev  0x00000000       0x26 can/spi.o
 .debug_aranges
                0x00000000       0x18 can/spi.o
 .debug_line    0x00000000       0x1a can/spi.o
 .debug_str     0x00000000      0x174 can/spi.o
 .comment       0x00000000       0x31 can/spi.o
 .text          0x00000000        0x0 i2c.o
 .data          0x00000000        0x0 i2c.o
 .bss           0x00000000        0x0 i2c.o
 .text.i2c_writeRegister
                0x00000000       0x30 i2c.o
 .text          0x00000000        0x0 main.o
 .data          0x00000000        0x0 main.o
 .bss           0x00000000        0x0 main.o
 .text          0x00000000        0x0 timer.o
 .data          0x00000000        0x0 timer.o
 .bss           0x00000000        0x0 timer.o
 .text.timer_waitMs
                0x00000000       0x3a timer.o
 .text          0x00000000        0x0 c:/program files (x86)/atmel/studio/7.0/toolchain/avr8/avr8-gnu-toolchain/bin/../lib/gcc/avr/4.9.2/avr5\libgcc.a(_exit.o)
 .data          0x00000000        0x0 c:/program files (x86)/atmel/studio/7.0/toolchain/avr8/avr8-gnu-toolchain/bin/../lib/gcc/avr/4.9.2/avr5\libgcc.a(_exit.o)
 .bss           0x00000000        0x0 c:/program files (x86)/atmel/studio/7.0/toolchain/avr8/avr8-gnu-toolchain/bin/../lib/gcc/avr/4.9.2/avr5\libgcc.a(_exit.o)
 .text.libgcc.mul
                0x00000000        0x0 c:/program files (x86)/atmel/studio/7.0/toolchain/avr8/avr8-gnu-toolchain/bin/../lib/gcc/avr/4.9.2/avr5\libgcc.a(_exit.o)
 .text.libgcc.div
                0x00000000        0x0 c:/program files (x86)/atmel/studio/7.0/toolchain/avr8/avr8-gnu-toolchain/bin/../lib/gcc/avr/4.9.2/avr5\libgcc.a(_exit.o)
 .text.libgcc   0x00000000        0x0 c:/program files (x86)/atmel/studio/7.0/toolchain/avr8/avr8-gnu-toolchain/bin/../lib/gcc/avr/4.9.2/avr5\libgcc.a(_exit.o)
 .text.libgcc.prologue
                0x00000000        0x0 c:/program files (x86)/atmel/studio/7.0/toolchain/avr8/avr8-gnu-toolchain/bin/../lib/gcc/avr/4.9.2/avr5\libgcc.a(_exit.o)
 .text.libgcc.builtins
                0x00000000        0x0 c:/program files (x86)/atmel/studio/7.0/toolchain/avr8/avr8-gnu-toolchain/bin/../lib/gcc/avr/4.9.2/avr5\libgcc.a(_exit.o)
 .text.libgcc.fmul
                0x00000000        0x0 c:/program files (x86)/atmel/studio/7.0/toolchain/avr8/avr8-gnu-toolchain/bin/../lib/gcc/avr/4.9.2/avr5\libgcc.a(_exit.o)
 .text.libgcc.fixed
                0x00000000        0x0 c:/program files (x86)/atmel/studio/7.0/toolchain/avr8/avr8-gnu-toolchain/bin/../lib/gcc/avr/4.9.2/avr5\libgcc.a(_exit.o)
 .text          0x00000000        0x0 c:/program files (x86)/atmel/studio/7.0/toolchain/avr8/avr8-gnu-toolchain/bin/../lib/gcc/avr/4.9.2/avr5\libgcc.a(_clear_bss.o)
 .data          0x00000000        0x0 c:/program files (x86)/atmel/studio/7.0/toolchain/avr8/avr8-gnu-toolchain/bin/../lib/gcc/avr/4.9.2/avr5\libgcc.a(_clear_bss.o)
 .bss           0x00000000        0x0 c:/program files (x86)/atmel/studio/7.0/toolchain/avr8/avr8-gnu-toolchain/bin/../lib/gcc/avr/4.9.2/avr5\libgcc.a(_clear_bss.o)
 .text.libgcc.mul
                0x00000000        0x0 c:/program files (x86)/atmel/studio/7.0/toolchain/avr8/avr8-gnu-toolchain/bin/../lib/gcc/avr/4.9.2/avr5\libgcc.a(_clear_bss.o)
 .text.libgcc.div
                0x00000000        0x0 c:/program files (x86)/atmel/studio/7.0/toolchain/avr8/avr8-gnu-toolchain/bin/../lib/gcc/avr/4.9.2/avr5\libgcc.a(_clear_bss.o)
 .text.libgcc   0x00000000        0x0 c:/program files (x86)/atmel/studio/7.0/toolchain/avr8/avr8-gnu-toolchain/bin/../lib/gcc/avr/4.9.2/avr5\libgcc.a(_clear_bss.o)
 .text.libgcc.prologue
                0x00000000        0x0 c:/program files (x86)/atmel/studio/7.0/toolchain/avr8/avr8-gnu-toolchain/bin/../lib/gcc/avr/4.9.2/avr5\libgcc.a(_clear_bss.o)
 .text.libgcc.builtins
                0x00000000        0x0 c:/program files (x86)/atmel/studio/7.0/toolchain/avr8/avr8-gnu-toolchain/bin/../lib/gcc/avr/4.9.2/avr5\libgcc.a(_clear_bss.o)
 .text.libgcc.fmul
                0x00000000        0x0 c:/program files (x86)/atmel/studio/7.0/toolchain/avr8/avr8-gnu-toolchain/bin/../lib/gcc/avr/4.9.2/avr5\libgcc.a(_clear_bss.o)
 .text.libgcc.fixed
                0x00000000        0x0 c:/program files (x86)/atmel/studio/7.0/toolchain/avr8/avr8-gnu-toolchain/bin/../lib/gcc/avr/4.9.2/avr5\libgcc.a(_clear_bss.o)

Memory Configuration

Name             Origin             Length             Attributes
text             0x00000000         0x00020000         xr
data             0x00800060         0x0000ffa0         rw !x
eeprom           0x00810000         0x00010000         rw !x
fuse             0x00820000         0x00000003         rw !x
lock             0x00830000         0x00000400         rw !x
signature        0x00840000         0x00000400         rw !x
user_signatures  0x00850000         0x00000400         rw !x
*default*        0x00000000         0xffffffff

Linker script and memory map

Address of section .data set to 0x800100
LOAD C:/Program Files (x86)/Atmel/Studio/7.0/Packs/atmel/ATmega_DFP/1.1.130/gcc/dev/atmega16m1/avr5/crtatmega16m1.o
LOAD can/at90can.o
LOAD can/at90can_buffer.o
LOAD can/at90can_disable_dyn_filter.o
LOAD can/at90can_error_register.o
LOAD can/at90can_get_buf_message.o
LOAD can/at90can_get_dyn_filter.o
LOAD can/at90can_get_message.o
LOAD can/at90can_send_buf_message.o
LOAD can/at90can_send_message.o
LOAD can/at90can_set_dyn_filter.o
LOAD can/at90can_set_mode.o
LOAD can/can_buffer.o
LOAD can/mcp2515.o
LOAD can/mcp2515_buffer.o
LOAD can/mcp2515_error_register.o
LOAD can/mcp2515_get_dyn_filter.o
LOAD can/mcp2515_get_message.o
LOAD can/mcp2515_read_id.o
LOAD can/mcp2515_regdump.o
LOAD can/mcp2515_send_message.o
LOAD can/mcp2515_set_dyn_filter.o
LOAD can/mcp2515_set_mode.o
LOAD can/mcp2515_sleep.o
LOAD can/mcp2515_static_filter.o
LOAD can/mcp2515_write_id.o
LOAD can/sja1000.o
LOAD can/sja1000_buffer.o
LOAD can/sja1000_error_register.o
LOAD can/sja1000_get_message.o
LOAD can/sja1000_send_message.o
LOAD can/sja1000_set_mode.o
LOAD can/spi.o
LOAD i2c.o
LOAD main.o
LOAD timer.o
START GROUP
END GROUP
START GROUP
LOAD c:/program files (x86)/atmel/studio/7.0/toolchain/avr8/avr8-gnu-toolchain/bin/../lib/gcc/avr/4.9.2/avr5\libgcc.a
LOAD c:/program files (x86)/atmel/studio/7.0/toolchain/avr8/avr8-gnu-toolchain/bin/../lib/gcc/avr/4.9.2/../../../../avr/lib/avr5\libm.a
LOAD c:/program files (x86)/atmel/studio/7.0/toolchain/avr8/avr8-gnu-toolchain/bin/../lib/gcc/avr/4.9.2/../../../../avr/lib/avr5\libc.a
LOAD C:/Program Files (x86)/Atmel/Studio/7.0/Packs/atmel/ATmega_DFP/1.1.130/gcc/dev/atmega16m1/avr5\libatmega16m1.a
END GROUP
                0x00020000                __TEXT_REGION_LENGTH__ = DEFINED (__TEXT_REGION_LENGTH__)?__TEXT_REGION_LENGTH__:0x20000
                0x0000ffa0                __DATA_REGION_LENGTH__ = DEFINED (__DATA_REGION_LENGTH__)?__DATA_REGION_LENGTH__:0xffa0
                0x00010000                __EEPROM_REGION_LENGTH__ = DEFINED (__EEPROM_REGION_LENGTH__)?__EEPROM_REGION_LENGTH__:0x10000
                [0x00000003]                __FUSE_REGION_LENGTH__ = DEFINED (__FUSE_REGION_LENGTH__)?__FUSE_REGION_LENGTH__:0x400
                0x00000400                __LOCK_REGION_LENGTH__ = DEFINED (__LOCK_REGION_LENGTH__)?__LOCK_REGION_LENGTH__:0x400
                0x00000400                __SIGNATURE_REGION_LENGTH__ = DEFINED (__SIGNATURE_REGION_LENGTH__)?__SIGNATURE_REGION_LENGTH__:0x400
                0x00000400                __USER_SIGNATURE_REGION_LENGTH__ = DEFINED (__USER_SIGNATURE_REGION_LENGTH__)?__USER_SIGNATURE_REGION_LENGTH__:0x400

.hash
 *(.hash)

.dynsym
 *(.dynsym)

.dynstr
 *(.dynstr)

.gnu.version
 *(.gnu.version)

.gnu.version_d
 *(.gnu.version_d)

.gnu.version_r
 *(.gnu.version_r)

.rel.init
 *(.rel.init)

.rela.init
 *(.rela.init)

.rel.text
 *(.rel.text)
 *(.rel.text.*)
 *(.rel.gnu.linkonce.t*)

.rela.text
 *(.rela.text)
 *(.rela.text.*)
 *(.rela.gnu.linkonce.t*)

.rel.fini
 *(.rel.fini)

.rela.fini
 *(.rela.fini)

.rel.rodata
 *(.rel.rodata)
 *(.rel.rodata.*)
 *(.rel.gnu.linkonce.r*)

.rela.rodata
 *(.rela.rodata)
 *(.rela.rodata.*)
 *(.rela.gnu.linkonce.r*)

.rel.data
 *(.rel.data)
 *(.rel.data.*)
 *(.rel.gnu.linkonce.d*)

.rela.data
 *(.rela.data)
 *(.rela.data.*)
 *(.rela.gnu.linkonce.d*)

.rel.ctors
 *(.rel.ctors)

.rela.ctors
 *(.rela.ctors)

.rel.dtors
 *(.rel.dtors)

.rela.dtors
 *(.rela.dtors)

.rel.got
 *(.rel.got)

.rela.got
 *(.rela.got)

.rel.bss
 *(.rel.bss)

.rela.bss
 *(.rela.bss)

.rel.plt
 *(.rel.plt)

.rela.plt
 *(.rela.plt)

.text           0x00000000      0xc1e
 *(.vectors)
 .vectors       0x00000000       0x7c C:/Program Files (x86)/Atmel/Studio/7.0/Packs/atmel/ATmega_DFP/1.1.130/gcc/dev/atmega16m1/avr5/crtatmega16m1.o
                0x00000000                __vector_default
                0x00000000                __vectors
 *(.vectors)
 *(.progmem.gcc*)
                0x0000007c                . = ALIGN (0x2)
                0x0000007c                __trampolines_start = .
 *(.trampolines)
 .trampolines   0x0000007c        0x0 linker stubs
 *(.trampolines*)
                0x0000007c                __trampolines_end = .
 *libprintf_flt.a:*(.progmem.data)
 *libc.a:*(.progmem.data)
 *(.progmem*)
 .progmem.data._at90can_cnf
                0x0000007c       0x18 can/at90can.o
                0x0000007c                _at90can_cnf
                0x00000094                . = ALIGN (0x2)
 *(.jumptables)
 *(.jumptables*)
 *(.lowtext)
 *(.lowtext*)
                0x00000094                __ctors_start = .
 *(.ctors)
                0x00000094                __ctors_end = .
                0x00000094                __dtors_start = .
 *(.dtors)
                0x00000094                __dtors_end = .
 SORT(*)(.ctors)
 SORT(*)(.dtors)
 *(.init0)
 .init0         0x00000094        0x0 C:/Program Files (x86)/Atmel/Studio/7.0/Packs/atmel/ATmega_DFP/1.1.130/gcc/dev/atmega16m1/avr5/crtatmega16m1.o
                0x00000094                __init
 *(.init0)
 *(.init1)
 *(.init1)
 *(.init2)
 .init2         0x00000094        0xc C:/Program Files (x86)/Atmel/Studio/7.0/Packs/atmel/ATmega_DFP/1.1.130/gcc/dev/atmega16m1/avr5/crtatmega16m1.o
 *(.init2)
 *(.init3)
 *(.init3)
 *(.init4)
 .init4         0x000000a0       0x10 c:/program files (x86)/atmel/studio/7.0/toolchain/avr8/avr8-gnu-toolchain/bin/../lib/gcc/avr/4.9.2/avr5\libgcc.a(_clear_bss.o)
                0x000000a0                __do_clear_bss
 *(.init4)
 *(.init5)
 *(.init5)
 *(.init6)
 *(.init6)
 *(.init7)
 *(.init7)
 *(.init8)
 *(.init8)
 *(.init9)
 .init9         0x000000b0        0x8 C:/Program Files (x86)/Atmel/Studio/7.0/Packs/atmel/ATmega_DFP/1.1.130/gcc/dev/atmega16m1/avr5/crtatmega16m1.o
 *(.init9)
 *(.text)
 .text          0x000000b8        0x4 C:/Program Files (x86)/Atmel/Studio/7.0/Packs/atmel/ATmega_DFP/1.1.130/gcc/dev/atmega16m1/avr5/crtatmega16m1.o
                0x000000b8                __vector_22
                0x000000b8                __vector_28
                0x000000b8                __vector_1
                0x000000b8                __vector_24
                0x000000b8                __vector_12
                0x000000b8                __bad_interrupt
                0x000000b8                __vector_6
                0x000000b8                __vector_3
                0x000000b8                __vector_23
                0x000000b8                __vector_30
                0x000000b8                __vector_25
                0x000000b8                __vector_11
                0x000000b8                __vector_13
                0x000000b8                __vector_17
                0x000000b8                __vector_7
                0x000000b8                __vector_27
                0x000000b8                __vector_5
                0x000000b8                __vector_4
                0x000000b8                __vector_9
                0x000000b8                __vector_2
                0x000000b8                __vector_21
                0x000000b8                __vector_29
                0x000000b8                __vector_8
                0x000000b8                __vector_26
                0x000000b8                __vector_14
                0x000000b8                __vector_10
                0x000000b8                __vector_16
                0x000000b8                __vector_20
                0x000000bc                . = ALIGN (0x2)
 *(.text.*)
 .text._find_free_mob
                0x000000bc       0x40 can/at90can.o
                0x000000bc                _find_free_mob
 .text._disable_mob_interrupt
                0x000000fc       0x46 can/at90can.o
                0x000000fc                _disable_mob_interrupt
 .text._enable_mob_interrupt
                0x00000142       0x42 can/at90can.o
                0x00000142                _enable_mob_interrupt
 .text.can_init
                0x00000184       0x76 can/at90can.o
                0x00000184                can_init
 .text.__vector_18
                0x000001fa      0x108 can/at90can.o
                0x000001fa                __vector_18
 .text.__vector_19
                0x00000302       0x14 can/at90can.o
                0x00000302                __vector_19
 .text.can_disable_filter
                0x00000316       0xba can/at90can_disable_dyn_filter.o
                0x00000316                can_disable_filter
 .text.at90can_copy_mob_to_message
                0x000003d0      0x10c can/at90can_get_message.o
                0x000003d0                at90can_copy_mob_to_message
 .text.at90can_copy_message_to_mob
                0x000004dc       0xf6 can/at90can_send_message.o
                0x000004dc                at90can_copy_message_to_mob
 .text.can_send_message
                0x000005d2       0x58 can/at90can_send_message.o
                0x000005d2                can_send_message
 .text.can_set_filter
                0x0000062a      0x20e can/at90can_set_dyn_filter.o
                0x0000062a                can_set_filter
 .text.can_buffer_init
                0x00000838       0x16 can/can_buffer.o
                0x00000838                can_buffer_init
 .text.can_buffer_full
                0x0000084e       0x16 can/can_buffer.o
                0x0000084e                can_buffer_full
 .text.can_buffer_get_enqueue_ptr
                0x00000864       0x2a can/can_buffer.o
                0x00000864                can_buffer_get_enqueue_ptr
 .text.can_buffer_enqueue
                0x0000088e       0x1e can/can_buffer.o
                0x0000088e                can_buffer_enqueue
 .text.i2c_init
                0x000008ac       0x12 i2c.o
                0x000008ac                i2c_init
 .text.i2c_start
                0x000008be       0x14 i2c.o
                0x000008be                i2c_start
 .text.i2c_stop
                0x000008d2       0x1e i2c.o
                0x000008d2                i2c_stop
 .text.i2c_write
                0x000008f0       0x62 i2c.o
                0x000008f0                i2c_write
 .text.i2c_read
                0x00000952       0x74 i2c.o
                0x00000952                i2c_read
 .text.i2c_readRegister
                0x000009c6       0x3a i2c.o
                0x000009c6                i2c_readRegister
 .text.my_can_init
                0x00000a00       0x6c main.o
                0x00000a00                my_can_init
 .text.main     0x00000a6c      0x11e main.o
                0x00000a6c                main
 .text.__vector_15
                0x00000b8a       0x4a timer.o
                0x00000b8a                __vector_15
 .text.timer_init
                0x00000bd4       0x2e timer.o
                0x00000bd4                timer_init
 .text.timer_getMs
                0x00000c02       0x18 timer.o
                0x00000c02                timer_getMs
                0x00000c1a                . = ALIGN (0x2)
 *(.fini9)
 .fini9         0x00000c1a        0x0 c:/program files (x86)/atmel/studio/7.0/toolchain/avr8/avr8-gnu-toolchain/bin/../lib/gcc/avr/4.9.2/avr5\libgcc.a(_exit.o)
                0x00000c1a                _exit
                0x00000c1a                exit
 *(.fini9)
 *(.fini8)
 *(.fini8)
 *(.fini7)
 *(.fini7)
 *(.fini6)
 *(.fini6)
 *(.fini5)
 *(.fini5)
 *(.fini4)
 *(.fini4)
 *(.fini3)
 *(.fini3)
 *(.fini2)
 *(.fini2)
 *(.fini1)
 *(.fini1)
 *(.fini0)
 .fini0         0x00000c1a        0x4 c:/program files (x86)/atmel/studio/7.0/toolchain/avr8/avr8-gnu-toolchain/bin/../lib/gcc/avr/4.9.2/avr5\libgcc.a(_exit.o)
 *(.fini0)
                0x00000c1e                _etext = .

.data           0x00800100        0x0 load address 0x00000c1e
                [!provide]                PROVIDE (__data_start, .)
 *(.data)
 *(.data*)
 *(.rodata)
 *(.rodata*)
 *(.gnu.linkonce.d*)
                0x00800100                . = ALIGN (0x2)
                0x00800100                _edata = .
                [!provide]                PROVIDE (__data_end, .)

.bss            0x00800100      0x20b
                0x00800100                PROVIDE (__bss_start, .)
 *(.bss)
 *(.bss*)
 .bss.timer_time
                0x00800100        0x4 timer.o
 *(COMMON)
 COMMON         0x00800104      0x207 can/at90can.o
                0x00800104                _free_buffer
                0x00800105                can_rx_list
                0x00800305                can_rx_buffer
                0x0080030b                PROVIDE (__bss_end, .)
                0x00000c1e                __data_load_start = LOADADDR (.data)
                0x00000c1e                __data_load_end = (__data_load_start + SIZEOF (.data))

.noinit         0x0080030b        0x0
                [!provide]                PROVIDE (__noinit_start, .)
 *(.noinit*)
                [!provide]                PROVIDE (__noinit_end, .)
                0x0080030b                _end = .
                [!provide]                PROVIDE (__heap_start, .)

.eeprom         0x00810000        0x0
 *(.eeprom*)
                0x00810000                __eeprom_end = .

.fuse
 *(.fuse)
 *(.lfuse)
 *(.hfuse)
 *(.efuse)

.lock
 *(.lock*)

.signature
 *(.signature*)

.user_signatures
 *(.user_signatures*)

.stab
 *(.stab)

.stabstr
 *(.stabstr)

.stab.excl
 *(.stab.excl)

.stab.exclstr
 *(.stab.exclstr)

.stab.index
 *(.stab.index)

.stab.indexstr
 *(.stab.indexstr)

.comment        0x00000000       0x30
 *(.comment)
 .comment       0x00000000       0x30 can/at90can.o
                                 0x31 (size before relaxing)
 .comment       0x00000030       0x31 can/at90can_disable_dyn_filter.o
 .comment       0x00000030       0x31 can/at90can_get_message.o
 .comment       0x00000030       0x31 can/at90can_send_message.o
 .comment       0x00000030       0x31 can/at90can_set_dyn_filter.o
 .comment       0x00000030       0x31 can/can_buffer.o
 .comment       0x00000030       0x31 i2c.o
 .comment       0x00000030       0x31 main.o
 .comment       0x00000030       0x31 timer.o

.note.gnu.avr.deviceinfo
                0x00000000       0x40
 .note.gnu.avr.deviceinfo
                0x00000000       0x40 C:/Program Files (x86)/Atmel/Studio/7.0/Packs/atmel/ATmega_DFP/1.1.130/gcc/dev/atmega16m1/avr5/crtatmega16m1.o

.note.gnu.build-id
 *(.note.gnu.build-id)

.debug
 *(.debug)

.line
 *(.line)

.debug_srcinfo
 *(.debug_srcinfo)

.debug_sfnames
 *(.debug_sfnames)

.debug_aranges  0x00000000      0x1d8
 *(.debug_aranges)
 .debug_aranges
                0x00000000       0x48 can/at90can.o
 .debug_aranges
                0x00000048       0x20 can/at90can_disable_dyn_filter.o
 .debug_aranges
                0x00000068       0x28 can/at90can_get_message.o
 .debug_aranges
                0x00000090       0x28 can/at90can_send_message.o
 .debug_aranges
                0x000000b8       0x20 can/at90can_set_dyn_filter.o
 .debug_aranges
                0x000000d8       0x50 can/can_buffer.o
 .debug_aranges
                0x00000128       0x50 i2c.o
 .debug_aranges
                0x00000178       0x28 main.o
 .debug_aranges
                0x000001a0       0x38 timer.o

.debug_pubnames
 *(.debug_pubnames)

.debug_info     0x00000000     0x2802
 *(.debug_info .gnu.linkonce.wi.*)
 .debug_info    0x00000000      0xa40 C:/Program Files (x86)/Atmel/Studio/7.0/Packs/atmel/ATmega_DFP/1.1.130/gcc/dev/atmega16m1/avr5/crtatmega16m1.o
 .debug_info    0x00000a40      0x49c can/at90can.o
 .debug_info    0x00000edc      0x176 can/at90can_disable_dyn_filter.o
 .debug_info    0x00001052      0x283 can/at90can_get_message.o
 .debug_info    0x000012d5      0x2dd can/at90can_send_message.o
 .debug_info    0x000015b2      0x1d9 can/at90can_set_dyn_filter.o
 .debug_info    0x0000178b      0x4fa can/can_buffer.o
 .debug_info    0x00001c85      0x4b2 i2c.o
 .debug_info    0x00002137      0x4b7 main.o
 .debug_info    0x000025ee      0x214 timer.o

.debug_abbrev   0x00000000     0x18cb
 *(.debug_abbrev)
 .debug_abbrev  0x00000000      0x9b2 C:/Program Files (x86)/Atmel/Studio/7.0/Packs/atmel/ATmega_DFP/1.1.130/gcc/dev/atmega16m1/avr5/crtatmega16m1.o
 .debug_abbrev  0x000009b2      0x24b can/at90can.o
 .debug_abbrev  0x00000bfd      0x13a can/at90can_disable_dyn_filter.o
 .debug_abbrev  0x00000d37      0x189 can/at90can_get_message.o
 .debug_abbrev  0x00000ec0      0x1fe can/at90can_send_message.o
 .debug_abbrev  0x000010be      0x161 can/at90can_set_dyn_filter.o
 .debug_abbrev  0x0000121f      0x1cc can/can_buffer.o
 .debug_abbrev  0x000013eb      0x16f i2c.o
 .debug_abbrev  0x0000155a      0x213 main.o
 .debug_abbrev  0x0000176d      0x15e timer.o

.debug_line     0x00000000     0x15ce
 *(.debug_line .debug_line.* .debug_line_end)
 .debug_line    0x00000000      0x151 C:/Program Files (x86)/Atmel/Studio/7.0/Packs/atmel/ATmega_DFP/1.1.130/gcc/dev/atmega16m1/avr5/crtatmega16m1.o
 .debug_line    0x00000151      0x27c can/at90can.o
 .debug_line    0x000003cd      0x1b6 can/at90can_disable_dyn_filter.o
 .debug_line    0x00000583      0x1dd can/at90can_get_message.o
 .debug_line    0x00000760      0x227 can/at90can_send_message.o
 .debug_line    0x00000987      0x1f3 can/at90can_set_dyn_filter.o
 .debug_line    0x00000b7a      0x2bf can/can_buffer.o
 .debug_line    0x00000e39      0x39a i2c.o
 .debug_line    0x000011d3      0x23d main.o
 .debug_line    0x00001410      0x1be timer.o

.debug_frame    0x00000000      0x414
 *(.debug_frame)
 .debug_frame   0x00000000       0xd8 can/at90can.o
 .debug_frame   0x000000d8       0x30 can/at90can_disable_dyn_filter.o
 .debug_frame   0x00000108       0x60 can/at90can_get_message.o
 .debug_frame   0x00000168       0x60 can/at90can_send_message.o
 .debug_frame   0x000001c8       0x24 can/at90can_set_dyn_filter.o
 .debug_frame   0x000001ec       0x9c can/can_buffer.o
 .debug_frame   0x00000288       0xa0 i2c.o
 .debug_frame   0x00000328       0x64 main.o
 .debug_frame   0x0000038c       0x88 timer.o

.debug_str      0x00000000      0xa50
 *(.debug_str)
 .debug_str     0x00000000      0x3d0 C:/Program Files (x86)/Atmel/Studio/7.0/Packs/atmel/ATmega_DFP/1.1.130/gcc/dev/atmega16m1/avr5/crtatmega16m1.o
 .debug_str     0x000003d0      0x2c7 can/at90can.o
                                0x309 (size before relaxing)
 .debug_str     0x00000697       0x53 can/at90can_disable_dyn_filter.o
                                0x207 (size before relaxing)
 .debug_str     0x000006ea       0x52 can/at90can_get_message.o
                                0x236 (size before relaxing)
 .debug_str     0x0000073c       0x79 can/at90can_send_message.o
                                0x257 (size before relaxing)
 .debug_str     0x000007b5       0x41 can/at90can_set_dyn_filter.o
                                0x22b (size before relaxing)
 .debug_str     0x000007f6       0x63 can/can_buffer.o
                                0x2a2 (size before relaxing)
 .debug_str     0x00000859       0x8a i2c.o
                                0x1f2 (size before relaxing)
 .debug_str     0x000008e3      0x136 main.o
                                0x33d (size before relaxing)
 .debug_str     0x00000a19       0x37 timer.o
                                0x1e1 (size before relaxing)

.debug_loc      0x00000000     0x1148
 *(.debug_loc)
 .debug_loc     0x00000000      0x2f3 can/at90can.o
 .debug_loc     0x000002f3       0xd3 can/at90can_disable_dyn_filter.o
 .debug_loc     0x000003c6      0x23c can/at90can_get_message.o
 .debug_loc     0x00000602      0x21d can/at90can_send_message.o
 .debug_loc     0x0000081f       0xa2 can/at90can_set_dyn_filter.o
 .debug_loc     0x000008c1      0x21a can/can_buffer.o
 .debug_loc     0x00000adb      0x3e6 i2c.o
 .debug_loc     0x00000ec1      0x12e main.o
 .debug_loc     0x00000fef      0x159 timer.o

.debug_macinfo
 *(.debug_macinfo)

.debug_weaknames
 *(.debug_weaknames)

.debug_funcnames
 *(.debug_funcnames)

.debug_typenames
 *(.debug_typenames)

.debug_varnames
 *(.debug_varnames)

.debug_pubtypes
 *(.debug_pubtypes)

.debug_ranges   0x00000000      0x1a8
 *(.debug_ranges)
 .debug_ranges  0x00000000       0x38 can/at90can.o
 .debug_ranges  0x00000038       0x10 can/at90can_disable_dyn_filter.o
 .debug_ranges  0x00000048       0x18 can/at90can_get_message.o
 .debug_ranges  0x00000060       0x18 can/at90can_send_message.o
 .debug_ranges  0x00000078       0x10 can/at90can_set_dyn_filter.o
 .debug_ranges  0x00000088       0x40 can/can_buffer.o
 .debug_ranges  0x000000c8       0x88 i2c.o
 .debug_ranges  0x00000150       0x30 main.o
 .debug_ranges  0x00000180       0x28 timer.o

.debug_macro
 *(.debug_macro)
OUTPUT(I2C2CAN.elf elf32-avr)
LOAD linker stubs
